
> client@0.0.0 build
> vite build

[36mvite v8.0.3 [32mbuilding client environment for production...[36m[39m
[2K
transforming...Γ£ô 88 modules transformed.
rendering chunks...
computing gzip size...
dist/index.html                   1.05 kB Γöé gzip:   0.55 kB
dist/assets/index-jCxQuG3z.css   32.33 kB Γöé gzip:   7.52 kB
dist/assets/index-DslnN65_.js   332.93 kB Γöé gzip: 100.90 kB

node.exe : 
[33m[33m[INEFFECTIVE_DYNAMIC_IMPORT] 
Warning:[0m src/lib/auth.js is dynamically 
imported by src/layouts/ProtectedLayout.jsx 
but also statically imported by 
src/api/http.js, 
src/layouts/ProtectedLayout.jsx, 
src/pages/AdminQueue.jsx, 
src/pages/ComplaintDetail.jsx, 
src/pages/Login.jsx, ..., dynamic import 
will not move module into another chunk.
At line:1 char:1
+ & "C:\Program Files\nodejs/node.exe" 
"C:\Program Files\nodejs/node_mo ...
+ ~~~~~~~~~~~~~~~~~~~~~~~~~~~~~~~~~~~~~~~~~~
~~~~~~~~~~~~~~~~~~~~~~~~~~~
    + CategoryInfo          : NotSpecified: 
    ([33m[33m[INEF... another chunk.:Str  
  ing) [], RemoteException
    + FullyQualifiedErrorId : NativeCommand 
   Error
 
[39m
[32mΓ£ô built in 635ms[39m
